`torch_dtype` is deprecated! Use `dtype` instead!
training schedule: loss=L1_weighted_ordinal train_batches_per_epoch=832 update_steps_per_epoch=26 total_update_steps=260
/home/jpang/miniconda3/envs/llama_factory/lib/python3.10/site-packages/torch/utils/checkpoint.py:295: FutureWarning: `torch.cpu.amp.autocast(args...)` is deprecated. Please use `torch.amp.autocast('cpu', args...)` instead.
  with torch.enable_grad(), device_autocast_ctx, torch.cpu.amp.autocast(**ctx.cpu_autocast_kwargs):  # type: ignore[attr-defined]
epoch=1 step=5/260 loss=0.9249 mean_sample_weight=0.7797 lr=7.69e-06 elapsed=1m27s eta=1h13m49s steps_per_min=3.45
epoch=1 step=10/260 loss=0.7193 mean_sample_weight=0.7911 lr=1.54e-05 elapsed=2m50s eta=1h09m24s steps_per_min=3.60
epoch=1 step=15/260 loss=0.6204 mean_sample_weight=0.7796 lr=2.00e-05 elapsed=4m15s eta=1h09m19s steps_per_min=3.53
epoch=1 step=20/260 loss=0.5588 mean_sample_weight=0.7708 lr=2.00e-05 elapsed=5m39s eta=1h06m52s steps_per_min=3.59
epoch=1 step=25/260 loss=0.5106 mean_sample_weight=0.7646 lr=1.99e-05 elapsed=7m03s eta=1h06m08s steps_per_min=3.55
dev epoch=1: MAE_label=0.5453, MAE_expected=0.5038, low_to_high=0.8070, mean_sample_weight=0.8204, selected=True, elapsed=7m43s
epoch=2 step=30/260 loss=0.2858 mean_sample_weight=0.7663 lr=1.98e-05 elapsed=8m52s eta=1h23m31s steps_per_min=2.75
epoch=2 step=35/260 loss=0.2827 mean_sample_weight=0.7825 lr=1.96e-05 elapsed=10m14s eta=1h01m26s steps_per_min=3.66
epoch=2 step=40/260 loss=0.2791 mean_sample_weight=0.7665 lr=1.94e-05 elapsed=11m38s eta=1h01m30s steps_per_min=3.58
epoch=2 step=45/260 loss=0.2754 mean_sample_weight=0.7633 lr=1.92e-05 elapsed=13m04s eta=1h01m43s steps_per_min=3.48
epoch=2 step=50/260 loss=0.2755 mean_sample_weight=0.7632 lr=1.89e-05 elapsed=14m27s eta=58m14s steps_per_min=3.61
dev epoch=2: MAE_label=0.5041, MAE_expected=0.4600, low_to_high=0.5614, mean_sample_weight=0.8204, selected=True, elapsed=15m27s
epoch=3 step=55/260 loss=0.2287 mean_sample_weight=0.7248 lr=1.86e-05 elapsed=16m20s eta=1h16m54s steps_per_min=2.67
epoch=3 step=60/260 loss=0.2296 mean_sample_weight=0.7744 lr=1.83e-05 elapsed=17m43s eta=55m30s steps_per_min=3.60
epoch=3 step=65/260 loss=0.2184 mean_sample_weight=0.7576 lr=1.79e-05 elapsed=19m08s eta=55m26s steps_per_min=3.52
epoch=3 step=70/260 loss=0.2067 mean_sample_weight=0.7542 lr=1.75e-05 elapsed=20m32s eta=53m08s steps_per_min=3.58
epoch=3 step=75/260 loss=0.2017 mean_sample_weight=0.7576 lr=1.70e-05 elapsed=21m59s eta=53m56s steps_per_min=3.43
dev epoch=3: MAE_label=0.4998, MAE_expected=0.4465, low_to_high=0.4561, mean_sample_weight=0.8204, selected=True, elapsed=23m15s
epoch=4 step=80/260 loss=0.1796 mean_sample_weight=0.7909 lr=1.66e-05 elapsed=23m52s eta=1h07m26s steps_per_min=2.67
epoch=4 step=85/260 loss=0.1625 mean_sample_weight=0.7649 lr=1.61e-05 elapsed=25m16s eta=48m58s steps_per_min=3.57
epoch=4 step=90/260 loss=0.1735 mean_sample_weight=0.7589 lr=1.56e-05 elapsed=26m39s eta=47m12s steps_per_min=3.60
epoch=4 step=95/260 loss=0.1755 mean_sample_weight=0.7617 lr=1.50e-05 elapsed=28m06s eta=47m49s steps_per_min=3.45
epoch=4 step=100/260 loss=0.1758 mean_sample_weight=0.7667 lr=1.45e-05 elapsed=29m30s eta=44m39s steps_per_min=3.58
dev epoch=4: MAE_label=0.5107, MAE_expected=0.4557, low_to_high=0.4737, mean_sample_weight=0.8204, selected=False, elapsed=31m03s
epoch=5 step=105/260 loss=0.1512 mean_sample_weight=0.7671 lr=1.39e-05 elapsed=31m20s eta=56m56s steps_per_min=2.72
epoch=5 step=110/260 loss=0.1322 mean_sample_weight=0.7745 lr=1.33e-05 elapsed=32m45s eta=42m30s steps_per_min=3.53
epoch=5 step=115/260 loss=0.1222 mean_sample_weight=0.7693 lr=1.27e-05 elapsed=34m09s eta=40m34s steps_per_min=3.57
epoch=5 step=120/260 loss=0.1173 mean_sample_weight=0.7627 lr=1.21e-05 elapsed=35m32s eta=38m40s steps_per_min=3.62
epoch=5 step=125/260 loss=0.1209 mean_sample_weight=0.7629 lr=1.15e-05 elapsed=36m58s eta=38m58s steps_per_min=3.46
epoch=5 step=130/260 loss=0.1200 mean_sample_weight=0.7638 lr=1.08e-05 elapsed=38m21s eta=35m46s steps_per_min=3.63
dev epoch=5: MAE_label=0.5014, MAE_expected=0.4423, low_to_high=0.4912, mean_sample_weight=0.8204, selected=False, elapsed=38m46s
epoch=6 step=135/260 loss=0.0788 mean_sample_weight=0.7924 lr=1.02e-05 elapsed=40m11s eta=45m44s steps_per_min=2.73
epoch=6 step=140/260 loss=0.0823 mean_sample_weight=0.7606 lr=9.55e-06 elapsed=41m36s eta=34m04s steps_per_min=3.52
epoch=6 step=145/260 loss=0.0820 mean_sample_weight=0.7568 lr=8.92e-06 elapsed=43m01s eta=32m38s steps_per_min=3.52
epoch=6 step=150/260 loss=0.0849 mean_sample_weight=0.7619 lr=8.29e-06 elapsed=44m25s eta=30m49s steps_per_min=3.57
epoch=6 step=155/260 loss=0.0865 mean_sample_weight=0.7630 lr=7.67e-06 elapsed=45m48s eta=29m04s steps_per_min=3.61
dev epoch=6: MAE_label=0.4812, MAE_expected=0.4304, low_to_high=0.4912, mean_sample_weight=0.8204, selected=True, elapsed=46m30s
epoch=7 step=160/260 loss=0.0630 mean_sample_weight=0.7784 lr=7.06e-06 elapsed=47m40s eta=37m23s steps_per_min=2.68
epoch=7 step=165/260 loss=0.0607 mean_sample_weight=0.7769 lr=6.45e-06 elapsed=49m04s eta=26m38s steps_per_min=3.57
epoch=7 step=170/260 loss=0.0606 mean_sample_weight=0.7642 lr=5.87e-06 elapsed=50m29s eta=25m33s steps_per_min=3.52
epoch=7 step=175/260 loss=0.0594 mean_sample_weight=0.7511 lr=5.30e-06 elapsed=51m56s eta=24m30s steps_per_min=3.47
epoch=7 step=180/260 loss=0.0598 mean_sample_weight=0.7609 lr=4.75e-06 elapsed=53m18s eta=21m51s steps_per_min=3.66
dev epoch=7: MAE_label=0.4857, MAE_expected=0.4361, low_to_high=0.4912, mean_sample_weight=0.8204, selected=False, elapsed=54m15s
epoch=8 step=185/260 loss=0.0550 mean_sample_weight=0.7836 lr=4.22e-06 elapsed=55m05s eta=26m50s steps_per_min=2.80
epoch=8 step=190/260 loss=0.0507 mean_sample_weight=0.7578 lr=3.71e-06 elapsed=56m28s eta=19m19s steps_per_min=3.62
epoch=8 step=195/260 loss=0.0495 mean_sample_weight=0.7813 lr=3.23e-06 elapsed=57m52s eta=18m19s steps_per_min=3.55
epoch=8 step=200/260 loss=0.0477 mean_sample_weight=0.7682 lr=2.77e-06 elapsed=59m19s eta=17m15s steps_per_min=3.48
epoch=8 step=205/260 loss=0.0471 mean_sample_weight=0.7631 lr=2.35e-06 elapsed=1h00m43s eta=15m25s steps_per_min=3.57
dev epoch=8: MAE_label=0.4842, MAE_expected=0.4347, low_to_high=0.4912, mean_sample_weight=0.8204, selected=False, elapsed=1h01m59s
epoch=9 step=210/260 loss=0.0481 mean_sample_weight=0.7812 lr=1.95e-06 elapsed=1h02m34s eta=18m27s steps_per_min=2.71
epoch=9 step=215/260 loss=0.0457 mean_sample_weight=0.7739 lr=1.59e-06 elapsed=1h03m58s eta=12m40s steps_per_min=3.55
epoch=9 step=220/260 loss=0.0429 mean_sample_weight=0.7647 lr=1.27e-06 elapsed=1h05m21s eta=11m08s steps_per_min=3.59
epoch=9 step=225/260 loss=0.0424 mean_sample_weight=0.7545 lr=9.75e-07 elapsed=1h06m46s eta=9m55s steps_per_min=3.53
epoch=9 step=230/260 loss=0.0412 mean_sample_weight=0.7597 lr=7.19e-07 elapsed=1h08m09s eta=8m14s steps_per_min=3.65
dev epoch=9: MAE_label=0.4818, MAE_expected=0.4346, low_to_high=0.5088, mean_sample_weight=0.8204, selected=False, elapsed=1h09m41s
epoch=10 step=235/260 loss=0.0386 mean_sample_weight=0.8022 lr=5.01e-07 elapsed=1h09m57s eta=9m02s steps_per_min=2.77
epoch=10 step=240/260 loss=0.0443 mean_sample_weight=0.7747 lr=3.22e-07 elapsed=1h11m20s eta=5m31s steps_per_min=3.63
epoch=10 step=245/260 loss=0.0441 mean_sample_weight=0.7537 lr=1.81e-07 elapsed=1h12m47s eta=4m21s steps_per_min=3.45
epoch=10 step=250/260 loss=0.0424 mean_sample_weight=0.7564 lr=8.08e-08 elapsed=1h14m09s eta=2m44s steps_per_min=3.65
epoch=10 step=255/260 loss=0.0418 mean_sample_weight=0.7640 lr=2.02e-08 elapsed=1h15m33s eta=1m24s steps_per_min=3.58
epoch=10 step=260/260 loss=0.0415 mean_sample_weight=0.7643 lr=0.00e+00 elapsed=1h16m57s eta=0s steps_per_min=3.56
dev epoch=10: MAE_label=0.4848, MAE_expected=0.4357, low_to_high=0.4912, mean_sample_weight=0.8204, selected=False, elapsed=1h17m22s
/home/jpang/edubench-eval-exp2/thesis_exp/src/edujudge/exp05/train_l1_weighted_ordinal.py:544: FutureWarning: You are using `torch.load` with `weights_only=False` (the current default value), which uses the default pickle module implicitly. It is possible to construct malicious pickle data which will execute arbitrary code during unpickling (See https://github.com/pytorch/pytorch/blob/main/SECURITY.md#untrusted-models for more details). In a future release, the default value for `weights_only` will be flipped to `True`. This limits the functions that could be executed during unpickling. Arbitrary objects will no longer be allowed to be loaded via this mode unless they are explicitly allowlisted by the user via `torch.serialization.add_safe_globals`. We recommend you start setting `weights_only=True` for any use case where you don't have full control of the loaded file. Please open an issue on GitHub for any issues related to this experimental feature.
  model.load_state_dict(torch.load(state_dict_path, map_location=device))
{
  "metrics": [
    {
      "n": 1107,
      "Accuracy": 0.6485998193315267,
      "Exact Match": 0.6485998193315267,
      "MAE_label": 0.48118036735922903,
      "MAE_expected": 0.4304336130845666,
      "RMSE_label": 0.7366190659348326,
      "Signed Bias label": 0.15356820234869015,
      "Signed Bias expected": 0.1195250129699691,
      "Macro-F1": 0.5346131073141539,
      "Weighted-F1": 0.6389196371923507,
      "Quadratic Weighted Kappa": 0.5614556962025317,
      "Kendall tau": 0.4905643092554062,
      "Spearman rho": 0.5539990695127406,
      "Within-1 Accuracy": 0.9421860885275519,
      "Acc@1": 0.6842105263157895,
      "Acc@2": 0.10526315789473684,
      "Acc@5": 0.7805755395683454,
      "low_n": 57,
      "low_exact_match": 0.2982456140350877,
      "low_MAE": 1.5321637426900585,
      "low_signed_bias": 1.5204678362573099,
      "low_to_high_rate": 0.49122807017543857,
      "low_severe_overestimation_rate": 0.5614035087719298,
      "mean_pred_low": 3.245614035087719,
      "high_n": 556,
      "high_to_mid_or_low_rate": 0.01079136690647482,
      "high_signed_bias": -0.05875299760191863,
      "MAE_score": 0.4304336130845666,
      "severe_error_rate": 0.057813911472448055,
      "pred_label_1_rate": 0.011743450767841012,
      "pred_label_2_rate": 0.004516711833785004,
      "pred_label_3_rate": 0.08130081300813008,
      "pred_label_4_rate": 0.37037037037037035,
      "pred_label_5_rate": 0.5320686540198736,
      "monotonic_violation_rate": 0.3053297199638663,
      "split": "dev",
      "loss": 0.48074806580762214,
      "mean_base_loss": 0.3574662203867015,
      "mean_weighted_loss": 0.6065607200839,
      "mean_sample_weight": 0.8204200795228532,
      "min_sample_weight": 0.5161403872126298,
      "max_sample_weight": 1.7288306325459653,
      "epoch": "best",
      "global_step": 260
    },
    {
      "n": 1103,
      "Accuracy": 0.670897552130553,
      "Exact Match": 0.670897552130553,
      "MAE_label": 0.42792384406165007,
      "MAE_expected": 0.3980361290190023,
      "RMSE_label": 0.6446969281319261,
      "Signed Bias label": 0.018132366273798706,
      "Signed Bias expected": -0.01394251076054075,
      "Macro-F1": 0.5324847212262678,
      "Weighted-F1": 0.6707224928657053,
      "Quadratic Weighted Kappa": 0.6012356007375432,
      "Kendall tau": 0.5265979428764057,
      "Spearman rho": 0.5931744288310964,
      "Within-1 Accuracy": 0.9655485040797824,
      "Acc@1": 0.8888888888888888,
      "Acc@2": 0.0,
      "Acc@5": 0.7418831168831169,
      "low_n": 31,
      "low_exact_match": 0.25806451612903225,
      "low_MAE": 1.2903225806451613,
      "low_signed_bias": 1.2903225806451613,
      "low_to_high_rate": 0.45161290322580644,
      "low_severe_overestimation_rate": 0.45161290322580644,
      "mean_pred_low": 3.096774193548387,
      "high_n": 616,
      "high_to_mid_or_low_rate": 0.01461038961038961,
      "high_signed_bias": -0.1271645021645023,
      "MAE_score": 0.3980361290190023,
      "severe_error_rate": 0.03445149592021759,
      "pred_label_1_rate": 0.008159564823209429,
      "pred_label_2_rate": 0.005439709882139619,
      "pred_label_3_rate": 0.08250226654578423,
      "pred_label_4_rate": 0.40253853127833183,
      "pred_label_5_rate": 0.5013599274705349,
      "monotonic_violation_rate": 0.3118766999093382,
      "split": "test",
      "loss": 0.3594104789291927,
      "mean_base_loss": 0.2754229971585606,
      "mean_weighted_loss": 0.36116285578590696,
      "mean_sample_weight": 0.7590410549571549,
      "min_sample_weight": 0.5041721178137738,
      "max_sample_weight": 1.5092540944831958,
      "epoch": "best",
      "global_step": 260,
      "elapsed_seconds": 4692.165352106094
    }
  ],
  "best_dir": "/home/jpang/edubench-eval-exp2/thesis_exp/artifacts/exp06_question_disjoint_baselines/checkpoints/QD-B1_human_only_L1_weighted_ordinal/best"
}
