`torch_dtype` is deprecated! Use `dtype` instead!
training schedule: objective=O3_ordinal train_batches_per_epoch=664 update_steps_per_epoch=21 total_update_steps=210 log_steps=5
epoch=1 step=5/210 loss=0.8756 lr=1.00e-05 elapsed=1m06s eta=44m53s steps_per_min=4.57
epoch=1 step=10/210 loss=0.5994 lr=2.00e-05 elapsed=2m14s eta=45m17s steps_per_min=4.42
epoch=1 step=15/210 loss=0.5080 lr=2.00e-05 elapsed=3m19s eta=42m26s steps_per_min=4.60
epoch=1 step=20/210 loss=0.4523 lr=1.99e-05 elapsed=4m25s eta=41m38s steps_per_min=4.56
dev epoch=1: MAE_label=0.5447, MAE_expected=0.5109, Exact=0.5377, low_to_high=1.0000, selected=True, elapsed=4m51s, eta=43m39s
epoch=2 step=25/210 loss=0.2469 lr=1.97e-05 elapsed=5m44s eta=49m07s steps_per_min=3.77
epoch=2 step=30/210 loss=0.2480 lr=1.95e-05 elapsed=6m51s eta=40m08s steps_per_min=4.49
epoch=2 step=35/210 loss=0.2581 lr=1.92e-05 elapsed=7m57s eta=38m08s steps_per_min=4.59
epoch=2 step=40/210 loss=0.2566 lr=1.89e-05 elapsed=9m04s eta=38m09s steps_per_min=4.46
dev epoch=2: MAE_label=0.4428, MAE_expected=0.3924, Exact=0.6762, low_to_high=1.0000, selected=None, elapsed=9m43s, eta=38m52s
epoch=3 step=45/210 loss=0.2288 lr=1.85e-05 elapsed=10m23s eta=43m22s steps_per_min=3.81
epoch=3 step=50/210 loss=0.2148 lr=1.81e-05 elapsed=11m31s eta=36m22s steps_per_min=4.40
epoch=3 step=55/210 loss=0.2071 lr=1.76e-05 elapsed=12m36s eta=33m40s steps_per_min=4.60
epoch=3 step=60/210 loss=0.2059 lr=1.71e-05 elapsed=13m41s eta=32m35s steps_per_min=4.60
dev epoch=3: MAE_label=0.4262, MAE_expected=0.3741, Exact=0.6807, low_to_high=0.7000, selected=None, elapsed=14m35s, eta=34m01s
epoch=4 step=65/210 loss=0.1705 lr=1.65e-05 elapsed=15m01s eta=38m35s steps_per_min=3.76
epoch=4 step=70/210 loss=0.1674 lr=1.59e-05 elapsed=16m07s eta=30m54s steps_per_min=4.53
epoch=4 step=75/210 loss=0.1640 lr=1.52e-05 elapsed=17m13s eta=29m45s steps_per_min=4.54
epoch=4 step=80/210 loss=0.1584 lr=1.45e-05 elapsed=18m19s eta=28m38s steps_per_min=4.54
dev epoch=4: MAE_label=0.4202, MAE_expected=0.3677, Exact=0.6822, low_to_high=0.6500, selected=None, elapsed=19m25s, eta=29m08s
epoch=5 step=85/210 loss=0.1528 lr=1.38e-05 elapsed=19m39s eta=33m07s steps_per_min=3.77
epoch=5 step=90/210 loss=0.1275 lr=1.31e-05 elapsed=20m45s eta=26m37s steps_per_min=4.51
epoch=5 step=95/210 loss=0.1209 lr=1.23e-05 elapsed=21m49s eta=24m17s steps_per_min=4.73
epoch=5 step=100/210 loss=0.1248 lr=1.16e-05 elapsed=22m55s eta=24m13s steps_per_min=4.54
epoch=5 step=105/210 loss=0.1219 lr=1.08e-05 elapsed=23m59s eta=22m28s steps_per_min=4.67
dev epoch=5: MAE_label=0.4167, MAE_expected=0.3698, Exact=0.6747, low_to_high=0.4500, selected=None, elapsed=24m16s, eta=24m16s
epoch=6 step=110/210 loss=0.0912 lr=1.00e-05 elapsed=25m24s eta=28m15s steps_per_min=3.54
epoch=6 step=115/210 loss=0.0914 lr=9.22e-06 elapsed=26m30s eta=20m52s steps_per_min=4.55
epoch=6 step=120/210 loss=0.0883 lr=8.44e-06 elapsed=27m34s eta=19m22s steps_per_min=4.65
epoch=6 step=125/210 loss=0.0845 lr=7.67e-06 elapsed=28m41s eta=18m58s steps_per_min=4.48
dev epoch=6: MAE_label=0.4071, MAE_expected=0.3545, Exact=0.6883, low_to_high=0.4000, selected=None, elapsed=29m07s, eta=19m25s
epoch=7 step=130/210 loss=0.0642 lr=6.91e-06 elapsed=29m58s eta=20m29s steps_per_min=3.91
epoch=7 step=135/210 loss=0.0623 lr=6.17e-06 elapsed=31m04s eta=16m26s steps_per_min=4.56
epoch=7 step=140/210 loss=0.0571 lr=5.46e-06 elapsed=32m09s eta=15m13s steps_per_min=4.60
epoch=7 step=145/210 loss=0.0601 lr=4.78e-06 elapsed=33m15s eta=14m21s steps_per_min=4.53
dev epoch=7: MAE_label=0.3951, MAE_expected=0.3575, Exact=0.6973, low_to_high=0.2500, selected=None, elapsed=33m56s, eta=14m33s
epoch=8 step=150/210 loss=0.0534 lr=4.12e-06 elapsed=34m37s eta=16m19s steps_per_min=3.68
epoch=8 step=155/210 loss=0.0460 lr=3.51e-06 elapsed=35m43s eta=12m13s steps_per_min=4.50
epoch=8 step=160/210 loss=0.0443 lr=2.93e-06 elapsed=36m49s eta=11m01s steps_per_min=4.54
epoch=8 step=165/210 loss=0.0449 lr=2.40e-06 elapsed=37m56s eta=10m01s steps_per_min=4.49
dev epoch=8: MAE_label=0.3956, MAE_expected=0.3569, Exact=0.6958, low_to_high=0.2500, selected=None, elapsed=38m48s, eta=9m42s
epoch=9 step=170/210 loss=0.0440 lr=1.91e-06 elapsed=39m13s eta=10m12s steps_per_min=3.92
epoch=9 step=175/210 loss=0.0414 lr=1.47e-06 elapsed=40m18s eta=7m35s steps_per_min=4.61
epoch=9 step=180/210 loss=0.0399 lr=1.09e-06 elapsed=41m24s eta=6m37s steps_per_min=4.54
epoch=9 step=185/210 loss=0.0420 lr=7.61e-07 elapsed=42m32s eta=5m38s steps_per_min=4.44
dev epoch=9: MAE_label=0.3996, MAE_expected=0.3565, Exact=0.6898, low_to_high=0.2500, selected=None, elapsed=43m38s, eta=4m51s
epoch=10 step=190/210 loss=0.0360 lr=4.89e-07 elapsed=43m51s eta=5m20s steps_per_min=3.75
epoch=10 step=195/210 loss=0.0413 lr=2.76e-07 elapsed=44m58s eta=3m20s steps_per_min=4.51
epoch=10 step=200/210 loss=0.0404 lr=1.23e-07 elapsed=46m03s eta=2m10s steps_per_min=4.60
epoch=10 step=205/210 loss=0.0405 lr=3.08e-08 elapsed=47m08s eta=1m05s steps_per_min=4.60
epoch=10 step=210/210 loss=0.0406 lr=0.00e+00 elapsed=48m11s eta=0s steps_per_min=4.79
dev epoch=10: MAE_label=0.3956, MAE_expected=0.3568, Exact=0.6943, low_to_high=0.2500, selected=None, elapsed=48m28s, eta=0s
/home/jpang/edubench-eval-exp2/thesis_exp/src/edujudge/exp04/train_objective.py:914: FutureWarning: You are using `torch.load` with `weights_only=False` (the current default value), which uses the default pickle module implicitly. It is possible to construct malicious pickle data which will execute arbitrary code during unpickling (See https://github.com/pytorch/pytorch/blob/main/SECURITY.md#untrusted-models for more details). In a future release, the default value for `weights_only` will be flipped to `True`. This limits the functions that could be executed during unpickling. Arbitrary objects will no longer be allowed to be loaded via this mode unless they are explicitly allowlisted by the user via `torch.serialization.add_safe_globals`. We recommend you start setting `weights_only=True` for any use case where you don't have full control of the loaded file. Please open an issue on GitHub for any issues related to this experimental feature.
  model.load_state_dict(torch.load(state_dict_path, map_location=device))
{
  "metrics": [
    {
      "n": 664,
      "Accuracy": 0.5376506024096386,
      "Exact Match": 0.5376506024096386,
      "MAE_label": 0.5446787148594376,
      "MAE_expected": 0.5109287001544153,
      "RMSE_label": 0.7526170315981916,
      "Signed Bias label": -0.09387550200803212,
      "Signed Bias expected": -0.10434885832095842,
      "Macro-F1": 0.22701619778346122,
      "Weighted-F1": 0.4925266924475395,
      "Quadratic Weighted Kappa": 0.21660909998451838,
      "Kendall tau": 0.31119778644470103,
      "Spearman rho": 0.35049020010870846,
      "Within-1 Accuracy": 0.9593373493975904,
      "Acc@1": 0.0,
      "Acc@2": 0.0,
      "Acc@5": 0.39710144927536234,
      "low_n": 20,
      "low_exact_match": 0.0,
      "low_MAE": 2.416666666666667,
      "low_signed_bias": 2.416666666666667,
      "low_to_high_rate": 1.0,
      "low_severe_overestimation_rate": 1.0,
      "mean_pred_low": 4.2,
      "high_n": 345,
      "high_to_mid_or_low_rate": 0.0,
      "high_signed_bias": -0.45603864734299526,
      "MAE_score": 0.5109287001544153,
      "severe_error_rate": 0.04066265060240964,
      "pred_label_1_rate": 0.0,
      "pred_label_2_rate": 0.0,
      "pred_label_3_rate": 0.0,
      "pred_label_4_rate": 0.7515060240963856,
      "pred_label_5_rate": 0.24849397590361447,
      "monotonic_violation_rate": 0.0015060240963855422,
      "split": "dev",
      "loss": 0.2867236902196723,
      "epoch": "best",
      "global_step": 210
    },
    {
      "n": 2218,
      "Accuracy": 0.5288548241659152,
      "Exact Match": 0.5288548241659152,
      "MAE_label": 0.6121130147279831,
      "MAE_expected": 0.5646043995304046,
      "RMSE_label": 0.9364380068468322,
      "Signed Bias label": 0.011571986774872227,
      "Signed Bias expected": -0.02768168938582749,
      "Macro-F1": 0.22639906115431924,
      "Weighted-F1": 0.4881471265089915,
      "Quadratic Weighted Kappa": 0.07192133196453854,
      "Kendall tau": 0.23245169603378404,
      "Spearman rho": 0.261983896135277,
      "Within-1 Accuracy": 0.9413886384129847,
      "Acc@1": 0.0,
      "Acc@2": 0.0,
      "Acc@5": 0.43880099916736054,
      "low_n": 103,
      "low_exact_match": 0.0,
      "low_MAE": 3.1229773462783172,
      "low_signed_bias": 3.1229773462783172,
      "low_to_high_rate": 1.0,
      "low_severe_overestimation_rate": 1.0,
      "mean_pred_low": 4.631067961165049,
      "high_n": 1201,
      "high_to_mid_or_low_rate": 0.0,
      "high_signed_bias": -0.41049125728559543,
      "MAE_score": 0.5646043995304046,
      "severe_error_rate": 0.058611361587015326,
      "pred_label_1_rate": 0.0,
      "pred_label_2_rate": 0.0,
      "pred_label_3_rate": 0.0,
      "pred_label_4_rate": 0.6875563570784491,
      "pred_label_5_rate": 0.31244364292155097,
      "monotonic_violation_rate": 0.0009017132551848512,
      "split": "test",
      "loss": 0.32153077415532344,
      "epoch": "best",
      "global_step": 210,
      "elapsed_seconds": 2976.5866680145264
    }
  ],
  "best_dir": "thesis_exp/artifacts/exp04_target_objectives/checkpoints/O3_ordinal/best"
}
