`torch_dtype` is deprecated! Use `dtype` instead!
training schedule: objective=O3_ordinal train_batches_per_epoch=664 update_steps_per_epoch=21 total_update_steps=210 log_steps=5
epoch=1 step=5/210 loss=0.8756 lr=1.00e-05 elapsed=1m06s eta=44m57s steps_per_min=4.56
epoch=1 step=10/210 loss=0.5993 lr=2.00e-05 elapsed=2m14s eta=45m17s steps_per_min=4.42
epoch=1 step=15/210 loss=0.5067 lr=2.00e-05 elapsed=3m19s eta=42m26s steps_per_min=4.60
epoch=1 step=20/210 loss=0.4504 lr=1.99e-05 elapsed=4m25s eta=41m37s steps_per_min=4.57
dev epoch=1: MAE_label=0.5241, MAE_expected=0.5028, Exact=0.5648, low_to_high=1.0000, selected=True, elapsed=4m51s, eta=43m39s
epoch=2 step=25/210 loss=0.2506 lr=1.97e-05 elapsed=5m45s eta=49m15s steps_per_min=3.76
epoch=2 step=30/210 loss=0.2566 lr=1.95e-05 elapsed=6m52s eta=40m14s steps_per_min=4.47
epoch=2 step=35/210 loss=0.2706 lr=1.92e-05 elapsed=7m57s eta=38m07s steps_per_min=4.59
epoch=2 step=40/210 loss=0.2703 lr=1.89e-05 elapsed=9m04s eta=38m15s steps_per_min=4.44
dev epoch=2: MAE_label=0.4583, MAE_expected=0.4224, Exact=0.6416, low_to_high=1.0000, selected=True, elapsed=9m44s, eta=38m54s
epoch=3 step=45/210 loss=0.2498 lr=1.85e-05 elapsed=10m25s eta=44m34s steps_per_min=3.70
epoch=3 step=50/210 loss=0.2349 lr=1.81e-05 elapsed=11m34s eta=36m26s steps_per_min=4.39
epoch=3 step=55/210 loss=0.2244 lr=1.76e-05 elapsed=12m39s eta=33m47s steps_per_min=4.59
epoch=3 step=60/210 loss=0.2222 lr=1.71e-05 elapsed=13m45s eta=32m40s steps_per_min=4.59
dev epoch=3: MAE_label=0.4423, MAE_expected=0.3907, Exact=0.6762, low_to_high=0.7500, selected=True, elapsed=14m38s, eta=34m09s
epoch=4 step=65/210 loss=0.1850 lr=1.65e-05 elapsed=15m07s eta=39m46s steps_per_min=3.65
epoch=4 step=70/210 loss=0.1764 lr=1.59e-05 elapsed=16m13s eta=30m58s steps_per_min=4.52
epoch=4 step=75/210 loss=0.1737 lr=1.52e-05 elapsed=17m20s eta=29m50s steps_per_min=4.52
epoch=4 step=80/210 loss=0.1681 lr=1.45e-05 elapsed=18m26s eta=28m43s steps_per_min=4.53
dev epoch=4: MAE_label=0.4217, MAE_expected=0.3698, Exact=0.6777, low_to_high=0.7500, selected=True, elapsed=19m32s, eta=29m18s
epoch=5 step=85/210 loss=0.1643 lr=1.38e-05 elapsed=19m48s eta=34m08s steps_per_min=3.66
epoch=5 step=90/210 loss=0.1338 lr=1.31e-05 elapsed=20m54s eta=26m41s steps_per_min=4.50
epoch=5 step=95/210 loss=0.1283 lr=1.23e-05 elapsed=21m58s eta=24m18s steps_per_min=4.73
epoch=5 step=100/210 loss=0.1309 lr=1.16e-05 elapsed=23m04s eta=24m14s steps_per_min=4.54
epoch=5 step=105/210 loss=0.1279 lr=1.08e-05 elapsed=24m08s eta=22m31s steps_per_min=4.66
dev epoch=5: MAE_label=0.3996, MAE_expected=0.3629, Exact=0.6943, low_to_high=0.5000, selected=True, elapsed=24m25s, eta=24m25s
epoch=6 step=110/210 loss=0.0941 lr=1.00e-05 elapsed=25m35s eta=29m04s steps_per_min=3.44
epoch=6 step=115/210 loss=0.0922 lr=9.22e-06 elapsed=26m42s eta=20m57s steps_per_min=4.53
epoch=6 step=120/210 loss=0.0901 lr=8.44e-06 elapsed=27m46s eta=19m27s steps_per_min=4.63
epoch=6 step=125/210 loss=0.0859 lr=7.67e-06 elapsed=28m53s eta=18m59s steps_per_min=4.48
dev epoch=6: MAE_label=0.4021, MAE_expected=0.3532, Exact=0.6988, low_to_high=0.4500, selected=False, elapsed=29m20s, eta=19m33s
epoch=7 step=130/210 loss=0.0613 lr=6.91e-06 elapsed=30m10s eta=20m29s steps_per_min=3.90
epoch=7 step=135/210 loss=0.0601 lr=6.17e-06 elapsed=31m16s eta=16m27s steps_per_min=4.56
epoch=7 step=140/210 loss=0.0559 lr=5.46e-06 elapsed=32m21s eta=15m13s steps_per_min=4.60
epoch=7 step=145/210 loss=0.0584 lr=4.78e-06 elapsed=33m28s eta=14m23s steps_per_min=4.52
dev epoch=7: MAE_label=0.3966, MAE_expected=0.3503, Exact=0.6943, low_to_high=0.2500, selected=True, elapsed=34m09s, eta=14m38s
epoch=8 step=150/210 loss=0.0500 lr=4.12e-06 elapsed=34m52s eta=16m50s steps_per_min=3.56
epoch=8 step=155/210 loss=0.0461 lr=3.51e-06 elapsed=35m59s eta=12m14s steps_per_min=4.49
epoch=8 step=160/210 loss=0.0431 lr=2.93e-06 elapsed=37m05s eta=11m03s steps_per_min=4.53
epoch=8 step=165/210 loss=0.0433 lr=2.40e-06 elapsed=38m12s eta=10m02s steps_per_min=4.48
dev epoch=8: MAE_label=0.3911, MAE_expected=0.3491, Exact=0.7018, low_to_high=0.3500, selected=True, elapsed=39m03s, eta=9m46s
epoch=9 step=170/210 loss=0.0415 lr=1.91e-06 elapsed=39m31s eta=10m31s steps_per_min=3.80
epoch=9 step=175/210 loss=0.0386 lr=1.47e-06 elapsed=40m36s eta=7m35s steps_per_min=4.61
epoch=9 step=180/210 loss=0.0377 lr=1.09e-06 elapsed=41m42s eta=6m37s steps_per_min=4.53
epoch=9 step=185/210 loss=0.0393 lr=7.61e-07 elapsed=42m50s eta=5m38s steps_per_min=4.44
dev epoch=9: MAE_label=0.3911, MAE_expected=0.3508, Exact=0.6973, low_to_high=0.3500, selected=False, elapsed=43m56s, eta=4m53s
epoch=10 step=190/210 loss=0.0359 lr=4.89e-07 elapsed=44m10s eta=5m20s steps_per_min=3.75
epoch=10 step=195/210 loss=0.0412 lr=2.76e-07 elapsed=45m16s eta=3m20s steps_per_min=4.50
epoch=10 step=200/210 loss=0.0384 lr=1.23e-07 elapsed=46m22s eta=2m11s steps_per_min=4.59
epoch=10 step=205/210 loss=0.0386 lr=3.08e-08 elapsed=47m27s eta=1m05s steps_per_min=4.59
epoch=10 step=210/210 loss=0.0380 lr=0.00e+00 elapsed=48m30s eta=0s steps_per_min=4.78
dev epoch=10: MAE_label=0.3926, MAE_expected=0.3518, Exact=0.6958, low_to_high=0.3000, selected=False, elapsed=48m47s, eta=0s
/home/jpang/edubench-eval-exp2/thesis_exp/src/edujudge/exp04/train_objective.py:937: FutureWarning: You are using `torch.load` with `weights_only=False` (the current default value), which uses the default pickle module implicitly. It is possible to construct malicious pickle data which will execute arbitrary code during unpickling (See https://github.com/pytorch/pytorch/blob/main/SECURITY.md#untrusted-models for more details). In a future release, the default value for `weights_only` will be flipped to `True`. This limits the functions that could be executed during unpickling. Arbitrary objects will no longer be allowed to be loaded via this mode unless they are explicitly allowlisted by the user via `torch.serialization.add_safe_globals`. We recommend you start setting `weights_only=True` for any use case where you don't have full control of the loaded file. Please open an issue on GitHub for any issues related to this experimental feature.
  model.load_state_dict(torch.load(state_dict_path, map_location=device))
{
  "metrics": [
    {
      "n": 664,
      "Accuracy": 0.7018072289156626,
      "Exact Match": 0.7018072289156626,
      "MAE_label": 0.39106425702811237,
      "MAE_expected": 0.34908048184076895,
      "RMSE_label": 0.5878340430045942,
      "Signed Bias label": 0.12299196787148595,
      "Signed Bias expected": 0.09193036252236564,
      "Macro-F1": 0.5129569739952718,
      "Weighted-F1": 0.6893910678173688,
      "Quadratic Weighted Kappa": 0.6318610238403253,
      "Kendall tau": 0.5657918305592732,
      "Spearman rho": 0.6328222561552637,
      "Within-1 Accuracy": 0.9713855421686747,
      "Acc@1": 0.5,
      "Acc@2": 0.07142857142857142,
      "Acc@5": 0.8231884057971014,
      "low_n": 20,
      "low_exact_match": 0.2,
      "low_MAE": 1.25,
      "low_signed_bias": 1.2166666666666666,
      "low_to_high_rate": 0.35,
      "low_severe_overestimation_rate": 0.35,
      "mean_pred_low": 3.0,
      "high_n": 345,
      "high_to_mid_or_low_rate": 0.0,
      "high_signed_bias": -0.02995169082125617,
      "MAE_score": 0.34908048184076895,
      "severe_error_rate": 0.0286144578313253,
      "pred_label_1_rate": 0.004518072289156626,
      "pred_label_2_rate": 0.006024096385542169,
      "pred_label_3_rate": 0.05120481927710843,
      "pred_label_4_rate": 0.3960843373493976,
      "pred_label_5_rate": 0.5421686746987951,
      "monotonic_violation_rate": 0.4307228915662651,
      "split": "dev",
      "loss": 0.24442930103290872,
      "epoch": "best",
      "global_step": 210
    },
    {
      "n": 2218,
      "Accuracy": 0.7380522993688007,
      "Exact Match": 0.7380522993688007,
      "MAE_label": 0.3776675683799218,
      "MAE_expected": 0.3429531650091409,
      "RMSE_label": 0.6130775985709739,
      "Signed Bias label": 0.13510670273519687,
      "Signed Bias expected": 0.11886499481480037,
      "Macro-F1": 0.5514719500000836,
      "Weighted-F1": 0.7312104266442351,
      "Quadratic Weighted Kappa": 0.7035743638432492,
      "Kendall tau": 0.6237772333422203,
      "Spearman rho": 0.6935508909224356,
      "Within-1 Accuracy": 0.9684400360685302,
      "Acc@1": 0.2857142857142857,
      "Acc@2": 0.3404255319148936,
      "Acc@5": 0.8559533721898418,
      "low_n": 103,
      "low_exact_match": 0.3106796116504854,
      "low_MAE": 1.1941747572815533,
      "low_signed_bias": 1.181229773462783,
      "low_to_high_rate": 0.23300970873786409,
      "low_severe_overestimation_rate": 0.3106796116504854,
      "mean_pred_low": 2.6893203883495147,
      "high_n": 1201,
      "high_to_mid_or_low_rate": 0.004995836802664446,
      "high_signed_bias": 0.0008326394671106079,
      "MAE_score": 0.3429531650091409,
      "severe_error_rate": 0.031559963931469794,
      "pred_label_1_rate": 0.007213706041478809,
      "pred_label_2_rate": 0.016230838593327322,
      "pred_label_3_rate": 0.06717763751127141,
      "pred_label_4_rate": 0.3521190261496844,
      "pred_label_5_rate": 0.5572587917042381,
      "monotonic_violation_rate": 0.4418394950405771,
      "split": "test",
      "loss": 0.22404341766880423,
      "epoch": "best",
      "global_step": 210,
      "elapsed_seconds": 2995.5324506759644
    }
  ],
  "best_dir": "thesis_exp/artifacts/exp04_target_objectives/checkpoints/O3_ordinal/best"
}
