`torch_dtype` is deprecated! Use `dtype` instead!
training schedule: loss=L1_weighted_ordinal train_batches_per_epoch=8 update_steps_per_epoch=8 total_update_steps=1
epoch=1 step=1/1 loss=1.1278 mean_sample_weight=0.6380 lr=0.00e+00 elapsed=1s eta=0s steps_per_min=49.33
dev epoch=1: MAE_label=0.6667, MAE_expected=0.9923, low_to_high=nan, mean_sample_weight=0.6035, selected=True, elapsed=2s
/home/jpang/edubench-eval-exp2/thesis_exp/src/edujudge/exp05/train_l1_weighted_ordinal.py:544: FutureWarning: You are using `torch.load` with `weights_only=False` (the current default value), which uses the default pickle module implicitly. It is possible to construct malicious pickle data which will execute arbitrary code during unpickling (See https://github.com/pytorch/pytorch/blob/main/SECURITY.md#untrusted-models for more details). In a future release, the default value for `weights_only` will be flipped to `True`. This limits the functions that could be executed during unpickling. Arbitrary objects will no longer be allowed to be loaded via this mode unless they are explicitly allowlisted by the user via `torch.serialization.add_safe_globals`. We recommend you start setting `weights_only=True` for any use case where you don't have full control of the loaded file. Please open an issue on GitHub for any issues related to this experimental feature.
  model.load_state_dict(torch.load(state_dict_path, map_location=device))
{
  "metrics": [
    {
      "n": 8,
      "Accuracy": 0.5,
      "Exact Match": 0.5,
      "MAE_label": 0.6666666666666666,
      "MAE_expected": 0.9922690639893214,
      "RMSE_label": 0.9279607271383369,
      "Signed Bias label": -0.6666666666666666,
      "Signed Bias expected": -0.9922690639893214,
      "Macro-F1": 0.14545454545454545,
      "Weighted-F1": 0.5454545454545454,
      "Quadratic Weighted Kappa": -0.07692307692307687,
      "Kendall tau": -0.4507489358552088,
      "Spearman rho": -0.4770278351999551,
      "Within-1 Accuracy": 0.875,
      "Acc@1": NaN,
      "Acc@2": NaN,
      "Acc@5": 0.0,
      "low_n": 0,
      "low_exact_match": NaN,
      "low_MAE": NaN,
      "low_signed_bias": NaN,
      "low_to_high_rate": NaN,
      "low_severe_overestimation_rate": NaN,
      "mean_pred_low": NaN,
      "high_n": 2,
      "high_to_mid_or_low_rate": 0.5,
      "high_signed_bias": -1.166666666666667,
      "MAE_score": 0.9922690639893214,
      "severe_error_rate": 0.125,
      "pred_label_1_rate": 0.0,
      "pred_label_2_rate": 0.0,
      "pred_label_3_rate": 0.375,
      "pred_label_4_rate": 0.625,
      "pred_label_5_rate": 0.0,
      "monotonic_violation_rate": 1.0,
      "split": "dev",
      "loss": 0.6394995413720608,
      "mean_base_loss": 0.6394995450973511,
      "mean_weighted_loss": 0.38362585939466953,
      "mean_sample_weight": 0.6035038530826569,
      "min_sample_weight": 0.6035038530826569,
      "max_sample_weight": 0.6035038530826569,
      "epoch": "best",
      "global_step": 1
    },
    {
      "n": 8,
      "Accuracy": 0.625,
      "Exact Match": 0.625,
      "MAE_label": 1.25,
      "MAE_expected": 1.2721794791286811,
      "RMSE_label": 1.7873008824606014,
      "Signed Bias label": -1.25,
      "Signed Bias expected": -1.2721794791286811,
      "Macro-F1": 0.2,
      "Weighted-F1": 0.625,
      "Quadratic Weighted Kappa": -0.3846153846153846,
      "Kendall tau": -0.8451542547285166,
      "Spearman rho": -0.9065968278232491,
      "Within-1 Accuracy": 0.625,
      "Acc@1": NaN,
      "Acc@2": NaN,
      "Acc@5": 0.0,
      "low_n": 0,
      "low_exact_match": NaN,
      "low_MAE": NaN,
      "low_signed_bias": NaN,
      "low_to_high_rate": NaN,
      "low_severe_overestimation_rate": NaN,
      "mean_pred_low": NaN,
      "high_n": 3,
      "high_to_mid_or_low_rate": 1.0,
      "high_signed_bias": -2.8888888888888893,
      "MAE_score": 1.2721794791286811,
      "severe_error_rate": 0.375,
      "pred_label_1_rate": 0.0,
      "pred_label_2_rate": 0.375,
      "pred_label_3_rate": 0.0,
      "pred_label_4_rate": 0.625,
      "pred_label_5_rate": 0.0,
      "monotonic_violation_rate": 1.0,
      "split": "test",
      "loss": 0.7072770390659571,
      "mean_base_loss": 0.7072770316153765,
      "mean_weighted_loss": 0.3762708203867078,
      "mean_sample_weight": 0.586253210902214,
      "min_sample_weight": 0.586253210902214,
      "max_sample_weight": 0.586253210902214,
      "epoch": "best",
      "global_step": 1,
      "elapsed_seconds": 3.47694730758667
    }
  ],
  "best_dir": "thesis_exp/artifacts/exp06_synthetic_low_score/training_runs/smoke_test/QD-S2_human_plus_synthetic_L1/best"
}
QD-S2 output: thesis_exp/outputs/exp06_synthetic_low_score/training_runs/smoke_test/QD-S2_human_plus_synthetic_L1
