{
  "status": "EXP64_SOURCE_MODEL_PROTOCOL_LOCK_FROZEN",
  "checks": {
    "formal_protocol": true,
    "base_authorized": true,
    "counterfactual_authorized": true,
    "test_forbidden": true,
    "annotation": true,
    "split_manifest": true,
    "probe_manifest": true,
    "probe_audit": true,
    "rng_audit": true,
    "real_model_preflight": true,
    "synthetic_unit_tests": true,
    "freeze_before_independent_outcomes": true,
    "rng_evidence_hash": true,
    "probe_evidence_hash": true,
    "synthetic_evidence_hash": true,
    "preflight_evidence_hash": true,
    "no_test_access": true
  },
  "protocol_sha256": "f6d3ef2685e4d957d206287f8bd42e0925bc662b9141a286bdc8e5e7da591f96",
  "source_files": {
    "thesis_exp/exp64_optimizer_state_residual/__init__.py": "fd32937c2da64b1578906c7036bff1f989d227d785b10ed12fe044de12fb751c",
    "thesis_exp/exp64_optimizer_state_residual/analyze.py": "5501ebf308d6426b56f8053ee8e24a1883b334a5437a5c4a63bad282385dd5da",
    "thesis_exp/exp64_optimizer_state_residual/build_probe_manifest.py": "aac8f4b451c7e17d07b67f412f53677f32cc3f4c78bb2ed67ac83f57622d6114",
    "thesis_exp/exp64_optimizer_state_residual/formal_counterfactual.py": "5e38692539e29a5a5625ca551402ac1931048174c75a158d2d5561f25baa40a1",
    "thesis_exp/exp64_optimizer_state_residual/mechanics.py": "230cc9641cdce2b73b0ebcb97ca4010b11c01f9227cd9d432caa5589f535b169",
    "thesis_exp/exp64_optimizer_state_residual/preflight_existing_exp63.py": "d5a97f216d2ab2282d883d5f3b9ab8257af611f2de3399bb8b7bbbbc3d1f70da",
    "thesis_exp/exp64_optimizer_state_residual/source_lock.py": "cb0ced4bf3cbfd47992f73ecb296f6e37588e33d70c0f1427c3f01a4f2878337",
    "thesis_exp/exp64_optimizer_state_residual/state.py": "e985678e8908034e0acf4447bb71f7b3449cd9f86c23e0491e2479edd1dbfe22",
    "thesis_exp/exp64_optimizer_state_residual/train_base.py": "418c46a7f7956b9364c7d06f904bea497f1f22aca3994909bee0c32a448b28c2",
    "thesis_exp/exp64_optimizer_state_residual/RESEARCH_SPEC.md": "4a3dd1960c059dfa38d563dd52faab07a60fc2188659c9ab9dd0f699c429d4ad",
    "thesis_exp/configs/exp64_optimizer_state_residual/protocol_draft.json": "f6d3ef2685e4d957d206287f8bd42e0925bc662b9141a286bdc8e5e7da591f96",
    "thesis_exp/tests/test_exp64_optimizer_state_residual.py": "eaa4e234562773c1ceab35252dad88f8a770e7812222b5d5891e1d2543369c1c",
    "thesis_exp/exp62_summeval_routing_confirmation/audit_dataset.py": "c80703f946c59108097378ed5da1336afce8b482a399b5d97c1d3872631d54fa",
    "thesis_exp/exp62_summeval_routing_confirmation/data.py": "2d858f85c012478b6c723ae8b73ea8d86ec7157c5971e63bec698c192e24be66",
    "thesis_exp/exp62_summeval_routing_confirmation/model.py": "9848efed716a9ff7f2b4e6abd3326d0843da848560c65c3d40cfaee2a8030ec1",
    "thesis_exp/exp62_summeval_routing_confirmation/runtime.py": "32d180e4a73c81e9ceb49f7538289ba6097016e16c8d49abd037eaa57279d1e3",
    "thesis_exp/exp57_cbrd/losses.py": "79478bdfd83851f2f077b3b30223e46648a840df6468c9f8edae64f22e307b54",
    "thesis_exp/exp57_cbrd/method.py": "00f044bc764668910a6ff6c809d481acfd8e75a29974df3d0b71ace9728f68c8",
    "thesis_exp/exp57_cbrd/model.py": "cd648c050e23a33773078e662919df7749b8a617476c3aaf082521f19774caaf",
    "thesis_exp/exp59_residual_geometry/train.py": "f8f5d3d7b59f4021db1d2c12171af62b9580243e567486cbf0bb237490d02960",
    "thesis_exp/outputs/exp62_summeval_routing_confirmation/stage0/split_manifest.jsonl": "b32a6a78242f7959fe3074e9df817a5e6f87bf447a6f84dc326370311b80fff9",
    "thesis_exp/outputs/exp64_optimizer_state_residual/stage0/probe_manifest.jsonl": "e9acd26528c0eb5f2a5248817156df0f6f007da912e6208d38be30b5b45bc6c4",
    "thesis_exp/outputs/exp64_optimizer_state_residual/stage0/probe_manifest_audit.json": "e704a008d35d41010b964fc954b72e69416a889c8957ae36ace2a5d22e12e387",
    "thesis_exp/outputs/exp63_same_state_counterfactual/decision/checkpoint_rng_audit_summary.json": "554a7d78e77f20d9a926892d4e0675af2185543aba8521b48ee521162bb9bcbb",
    "thesis_exp/outputs/exp64_optimizer_state_residual/preflight/existing_exp63_seed67_epoch2.json": "bd85dfccab4e3df9eb884a099c7d83652b57df82a3b509e6e201027e9e7c3f0f",
    "thesis_exp/outputs/exp64_optimizer_state_residual/preflight/synthetic_unit_tests.json": "a2208bbe1d6b8ecd848c09d631d017c2b1d2d68921510b95ee818b2444d5750b"
  },
  "source_files_logical_sha256": "86c6e6f8a169ecaaacb8b16e0ff4b34ede7a7389c4f0f6d31574eb373a05c0b5",
  "annotation_sha256": "f0d4166e0cdeb439b387c4449634b067b7e9f721b9ef4c2b722f6b7550d3d6ab",
  "split_manifest_sha256": "b32a6a78242f7959fe3074e9df817a5e6f87bf447a6f84dc326370311b80fff9",
  "probe_manifest_sha256": "e9acd26528c0eb5f2a5248817156df0f6f007da912e6208d38be30b5b45bc6c4",
  "rng_audit_summary_sha256": "554a7d78e77f20d9a926892d4e0675af2185543aba8521b48ee521162bb9bcbb",
  "preflight_sha256": "bd85dfccab4e3df9eb884a099c7d83652b57df82a3b509e6e201027e9e7c3f0f",
  "synthetic_unit_tests_sha256": "a2208bbe1d6b8ecd848c09d631d017c2b1d2d68921510b95ee818b2444d5750b",
  "model": {
    "manifest_sha256": "7807b8bc764b2d995ce487bbafc97e6ee39a81c29a57ee21db718e1932873bde",
    "files": {
      ".mdl": "0fc262c8f7134b08258a44d8461ce89a4159ff0a667649d919c98b6fb88e7197",
      ".mv": "78e161d91c6716e8abdb42372b421ca919dfa32a10cfc60098fd041c380ce703",
      "README.md": "e9cf97a55cb476bbf7f1e4a321ae1637834535319002552d91e880deaabc5393",
      "config.json": "d479c427a9ca5295218063d4f9aca4f297ab4ac27487cca7af42c84643d51ef0",
      "configuration.json": "f888421726665e8a84b738eed42a64875aed79de8be7daade851ac8bf4c0cef9",
      "generation_config.json": "81051cd3f6e77013827148d0b8a6ead93f8ac390d5ab805f849199f0af6a08db",
      "merges.txt": "8831e4f1a044471340f7c0a83d7bd71306a5b867e95fd870f74d0c5308a904d5",
      "model.safetensors": "27cd75a405b9c1b46b59abfd88aaa209e6fed2a1972cde9b70e7659537c5e65b",
      "tokenizer.json": "aeb13307a71acd8fe81861d94ad54ab689df773318809eed3cbe794b4492dae4",
      "tokenizer_config.json": "253153d0738ceb4c668d2eff957714dd2bea0b56de772a9fdccd96cbf517e6a0",
      "vocab.json": "ca10d7e9fb3ed18575dd1e277a2579c16d108e32f27439684afa0e10b1440910"
    }
  },
  "formal_training_authorized": true,
  "formal_counterfactual_authorized": true,
  "test_access_count": 0
}
